// Jest Snapshot v1, https://goo.gl/fbAQLP

exports[`Onboarding Page renders correctly 1`] = `
<div>
  <div>
    <h1>
      Onboarding
    </h1>
  </div>
</div>
`;
