// Jest Snapshot v1, https://goo.gl/fbAQLP

exports[`Role-information Page renders correctly 1`] = `
<div>
  <div>
    <h1>
      Information about the role
    </h1>
  </div>
</div>
`;
