// Jest Snapshot v1, https://goo.gl/fbAQLP

exports[`CreateGroupForm Component renders correctly 1`] = `
<div>
  <form
    class="max-w-md mx-auto p-6 border-2 border-dashed border-[#80AFB4] rounded-lg  space-y-6"
  >
    <fieldset
      class="space-y-2"
    >
      <legend
        class="block text-lg font-semibold"
      >
        Environment
      </legend>
      <div
        class="space-y-1"
      >
        <label
          class="block"
        >
          <input
            checked=""
            class="mr-2"
            name="environment"
            type="radio"
            value="prod"
          />
          Prod
        </label>
        <label
          class="block"
        >
          <input
            class="mr-2"
            name="environment"
            type="radio"
            value="test"
          />
          Test
        </label>
        <label
          class="block"
        >
          <input
            class="mr-2"
            name="environment"
            type="radio"
            value="development"
          />
          Development
        </label>
      </div>
    </fieldset>
    <fieldset
      class="space-y-2"
    >
      <legend
        class="block text-lg font-semibold"
      >
        Group Type
      </legend>
      <div
        class="space-y-1"
      >
        <label
          class="block"
        >
          <input
            checked=""
            class="mr-2"
            name="type"
            type="radio"
            value="data"
          />
          Data
        </label>
        <label
          class="block"
        >
          <input
            class="mr-2"
            name="type"
            type="radio"
            value="service"
          />
          Service
        </label>
        <label
          class="block"
        >
          <input
            class="mr-2"
            name="type"
            type="radio"
            value="users"
          />
          Users
        </label>
      </div>
    </fieldset>
    <div
      class="space-y-2"
    >
      <label
        class="block text-lg font-semibold"
        for="name"
      >
        Group Name
      </label>
      <input
        class="w-full px-3 py-2 border border-gray-300 rounded"
        id="name"
        name="name"
        placeholder="Enter group name"
        required=""
        type="text"
        value=""
      />
    </div>
    <fieldset
      class="space-y-2"
    >
      <legend
        class="block text-lg font-semibold"
      >
        Access Type
      </legend>
      <div
        class="space-y-1"
      >
        <label
          class="block"
        >
          <input
            checked=""
            class="mr-2"
            name="accessType"
            type="radio"
            value="view"
          />
          View
        </label>
        <label
          class="block"
        >
          <input
            class="mr-2"
            name="accessType"
            type="radio"
            value="data"
          />
          Data
        </label>
        <label
          class="block"
        >
          <input
            class="mr-2"
            name="accessType"
            type="radio"
            value="edit"
          />
          Edit
        </label>
      </div>
    </fieldset>
    <button
      class="w-full bg-blue-500 text-white py-2 px-4 rounded hover:bg-blue-600"
      type="submit"
    >
      Create
    </button>
  </form>
</div>
`;
