// Jest Snapshot v1, https://goo.gl/fbAQLP

exports[`GroupDropDown Component renders correctly 1`] = `
<div>
  <div
    class="border border-gray-300 mr-2 ml-2"
  >
    <div
      class="flex justify-between items-center px-4 py-2 cursor-pointer"
    >
      <span>
        Test Group
      </span>
      <span>
        â†“
      </span>
    </div>
  </div>
</div>
`;
