// Jest Snapshot v1, https://goo.gl/fbAQLP

exports[`StepCard renders correctly 1`] = `
<div>
  <div
    class="bg-white shadow-md rounded-lg p-6 border border-gray-200"
  >
    <h2
      class="text-lg font-bold mb-2"
    >
      Test Title
    </h2>
    <p
      class="text-gray-700 mb-4"
    >
      Test information about the item.
    </p>
    <a
      aria-label="Step card - Test Title"
      class="text-blue-500 hover:underline"
      data-link-title="Test Title"
      href="https://example.com"
      rel="noopener noreferrer"
      target="_blank"
    >
      Learn More
    </a>
  </div>
</div>
`;
