// Jest Snapshot v1, https://goo.gl/fbAQLP

exports[`OSDUGeneral Page renders correctly 1`] = `
<div>
  <div>
    <h1>
      OSDU general
    </h1>
  </div>
</div>
`;
